OpenJDK 64-Bit Server VM (25.292-b10) for linux-amd64 JRE (1.8.0_292-b10), built on Apr 21 2021 14:24:48 by "mockbuild" with gcc 4.8.5 20150623 (Red Hat 4.8.5-44)
Memory: 4k page, physical 1015368k(197180k free), swap 839676k(353868k free)
CommandLine flags: -XX:CompressedClassSpaceSize=260046848 -XX:+HeapDumpOnOutOfMemoryError -XX:HeapDumpPath=/hli_app/log/was/TET_SMP/TET_SMP_java_pid_20210522215159.hprof -XX:InitialHeapSize=268435456 -XX:MaxHeapSize=536870912 -XX:MaxMetaspaceSize=268435456 -XX:MaxNewSize=174485504 -XX:MaxTenuringThreshold=6 -XX:MetaspaceSize=268435456 -XX:NewSize=174485504 -XX:OldPLABSize=16 -XX:OldSize=348971008 -XX:+PrintGC -XX:+PrintGCDetails -XX:+PrintGCTimeStamps -XX:+PrintHeapAtGC -XX:+UseCompressedClassPointers -XX:+UseCompressedOops -XX:+UseConcMarkSweepGC -XX:+UseParNewGC 
{Heap before GC invocations=0 (full 0):
 par new generation   total 153344K, used 136320K [0x00000000e0000000, 0x00000000ea660000, 0x00000000ea660000)
  eden space 136320K, 100% used [0x00000000e0000000, 0x00000000e8520000, 0x00000000e8520000)
  from space 17024K,   0% used [0x00000000e8520000, 0x00000000e8520000, 0x00000000e95c0000)
  to   space 17024K,   0% used [0x00000000e95c0000, 0x00000000e95c0000, 0x00000000ea660000)
 concurrent mark-sweep generation total 91776K, used 0K [0x00000000ea660000, 0x00000000f0000000, 0x0000000100000000)
 Metaspace       used 17754K, capacity 18180K, committed 18432K, reserved 1064960K
  class space    used 1845K, capacity 1968K, committed 2048K, reserved 1048576K
10389.405: [GC (Allocation Failure) 10389.439: [ParNew: 136320K->15155K(153344K), 0.0659868 secs] 136320K->15155K(245120K), 0.1002659 secs] [Times: user=0.00 sys=0.10, real=0.10 secs] 
Heap after GC invocations=1 (full 0):
 par new generation   total 153344K, used 15155K [0x00000000e0000000, 0x00000000ea660000, 0x00000000ea660000)
  eden space 136320K,   0% used [0x00000000e0000000, 0x00000000e0000000, 0x00000000e8520000)
  from space 17024K,  89% used [0x00000000e95c0000, 0x00000000ea48ce88, 0x00000000ea660000)
  to   space 17024K,   0% used [0x00000000e8520000, 0x00000000e8520000, 0x00000000e95c0000)
 concurrent mark-sweep generation total 91776K, used 0K [0x00000000ea660000, 0x00000000f0000000, 0x0000000100000000)
 Metaspace       used 17754K, capacity 18180K, committed 18432K, reserved 1064960K
  class space    used 1845K, capacity 1968K, committed 2048K, reserved 1048576K
}
{Heap before GC invocations=1 (full 0):
 par new generation   total 153344K, used 151475K [0x00000000e0000000, 0x00000000ea660000, 0x00000000ea660000)
  eden space 136320K, 100% used [0x00000000e0000000, 0x00000000e8520000, 0x00000000e8520000)
  from space 17024K,  89% used [0x00000000e95c0000, 0x00000000ea48ce88, 0x00000000ea660000)
  to   space 17024K,   0% used [0x00000000e8520000, 0x00000000e8520000, 0x00000000e95c0000)
 concurrent mark-sweep generation total 91776K, used 0K [0x00000000ea660000, 0x00000000f0000000, 0x0000000100000000)
 Metaspace       used 17789K, capacity 18180K, committed 18432K, reserved 1064960K
  class space    used 1846K, capacity 1968K, committed 2048K, reserved 1048576K
73109.697: [GC (Allocation Failure) 73109.698: [ParNew: 151475K->7910K(153344K), 0.3102775 secs] 151475K->15723K(245120K), 0.3120714 secs] [Times: user=0.31 sys=0.00, real=0.31 secs] 
