OpenJDK 64-Bit Server VM (25.292-b10) for linux-amd64 JRE (1.8.0_292-b10), built on Apr 21 2021 14:24:48 by "mockbuild" with gcc 4.8.5 20150623 (Red Hat 4.8.5-44)
Memory: 4k page, physical 1015368k(347524k free), swap 839676k(794688k free)
CommandLine flags: -XX:CompressedClassSpaceSize=260046848 -XX:+HeapDumpOnOutOfMemoryError -XX:HeapDumpPath=/hli_app/log/was/TET_SMP/TET_SMP_java_pid_20210519120814.hprof -XX:InitialHeapSize=268435456 -XX:MaxHeapSize=536870912 -XX:MaxMetaspaceSize=268435456 -XX:MaxNewSize=174485504 -XX:MaxTenuringThreshold=6 -XX:MetaspaceSize=268435456 -XX:NewSize=174485504 -XX:OldPLABSize=16 -XX:OldSize=348971008 -XX:+PrintGC -XX:+PrintGCDetails -XX:+PrintGCTimeStamps -XX:+PrintHeapAtGC -XX:+UseCompressedClassPointers -XX:+UseCompressedOops -XX:+UseConcMarkSweepGC -XX:+UseParNewGC 
{Heap before GC invocations=0 (full 0):
 par new generation   total 153344K, used 136320K [0x00000000e0000000, 0x00000000ea660000, 0x00000000ea660000)
  eden space 136320K, 100% used [0x00000000e0000000, 0x00000000e8520000, 0x00000000e8520000)
  from space 17024K,   0% used [0x00000000e8520000, 0x00000000e8520000, 0x00000000e95c0000)
  to   space 17024K,   0% used [0x00000000e95c0000, 0x00000000e95c0000, 0x00000000ea660000)
 concurrent mark-sweep generation total 91776K, used 0K [0x00000000ea660000, 0x00000000f0000000, 0x0000000100000000)
 Metaspace       used 16037K, capacity 16484K, committed 16768K, reserved 1064960K
  class space    used 1701K, capacity 1812K, committed 1920K, reserved 1048576K
1.667: [GC (Allocation Failure) 1.667: [ParNew: 136320K->17023K(153344K), 0.0215098 secs] 136320K->19771K(245120K), 0.0216187 secs] [Times: user=0.01 sys=0.00, real=0.01 secs] 
Heap after GC invocations=1 (full 0):
 par new generation   total 153344K, used 17023K [0x00000000e0000000, 0x00000000ea660000, 0x00000000ea660000)
  eden space 136320K,   0% used [0x00000000e0000000, 0x00000000e0000000, 0x00000000e8520000)
  from space 17024K,  99% used [0x00000000e95c0000, 0x00000000ea65fff8, 0x00000000ea660000)
  to   space 17024K,   0% used [0x00000000e8520000, 0x00000000e8520000, 0x00000000e95c0000)
 concurrent mark-sweep generation total 91776K, used 2747K [0x00000000ea660000, 0x00000000f0000000, 0x0000000100000000)
 Metaspace       used 16037K, capacity 16484K, committed 16768K, reserved 1064960K
  class space    used 1701K, capacity 1812K, committed 1920K, reserved 1048576K
}
{Heap before GC invocations=1 (full 0):
 par new generation   total 153344K, used 153343K [0x00000000e0000000, 0x00000000ea660000, 0x00000000ea660000)
  eden space 136320K, 100% used [0x00000000e0000000, 0x00000000e8520000, 0x00000000e8520000)
  from space 17024K,  99% used [0x00000000e95c0000, 0x00000000ea65fff8, 0x00000000ea660000)
  to   space 17024K,   0% used [0x00000000e8520000, 0x00000000e8520000, 0x00000000e95c0000)
 concurrent mark-sweep generation total 91776K, used 2747K [0x00000000ea660000, 0x00000000f0000000, 0x0000000100000000)
 Metaspace       used 16127K, capacity 16550K, committed 16768K, reserved 1064960K
  class space    used 1703K, capacity 1814K, committed 1920K, reserved 1048576K
2.087: [GC (Allocation Failure) 2.087: [ParNew: 153343K->17023K(153344K), 0.0663639 secs] 156091K->32575K(245120K), 0.0664662 secs] [Times: user=0.06 sys=0.04, real=0.07 secs] 
Heap after GC invocations=2 (full 0):
 par new generation   total 153344K, used 17023K [0x00000000e0000000, 0x00000000ea660000, 0x00000000ea660000)
  eden space 136320K,   0% used [0x00000000e0000000, 0x00000000e0000000, 0x00000000e8520000)
  from space 17024K,  99% used [0x00000000e8520000, 0x00000000e95bfff8, 0x00000000e95c0000)
  to   space 17024K,   0% used [0x00000000e95c0000, 0x00000000e95c0000, 0x00000000ea660000)
 concurrent mark-sweep generation total 91776K, used 15551K [0x00000000ea660000, 0x00000000f0000000, 0x0000000100000000)
 Metaspace       used 16127K, capacity 16550K, committed 16768K, reserved 1064960K
  class space    used 1703K, capacity 1814K, committed 1920K, reserved 1048576K
}
{Heap before GC invocations=2 (full 0):
 par new generation   total 153344K, used 153343K [0x00000000e0000000, 0x00000000ea660000, 0x00000000ea660000)
  eden space 136320K, 100% used [0x00000000e0000000, 0x00000000e8520000, 0x00000000e8520000)
  from space 17024K,  99% used [0x00000000e8520000, 0x00000000e95bfff8, 0x00000000e95c0000)
  to   space 17024K,   0% used [0x00000000e95c0000, 0x00000000e95c0000, 0x00000000ea660000)
 concurrent mark-sweep generation total 91776K, used 15551K [0x00000000ea660000, 0x00000000f0000000, 0x0000000100000000)
 Metaspace       used 16161K, capacity 16550K, committed 16768K, reserved 1064960K
  class space    used 1703K, capacity 1814K, committed 1920K, reserved 1048576K
2.594: [GC (Allocation Failure) 2.594: [ParNew: 153343K->17024K(153344K), 0.0422784 secs] 168895K->36679K(245120K), 0.0424307 secs] [Times: user=0.05 sys=0.01, real=0.03 secs] 
Heap after GC invocations=3 (full 0):
 par new generation   total 153344K, used 17024K [0x00000000e0000000, 0x00000000ea660000, 0x00000000ea660000)
  eden space 136320K,   0% used [0x00000000e0000000, 0x00000000e0000000, 0x00000000e8520000)
  from space 17024K, 100% used [0x00000000e95c0000, 0x00000000ea660000, 0x00000000ea660000)
  to   space 17024K,   0% used [0x00000000e8520000, 0x00000000e8520000, 0x00000000e95c0000)
 concurrent mark-sweep generation total 91776K, used 19655K [0x00000000ea660000, 0x00000000f0000000, 0x0000000100000000)
 Metaspace       used 16161K, capacity 16550K, committed 16768K, reserved 1064960K
  class space    used 1703K, capacity 1814K, committed 1920K, reserved 1048576K
}
{Heap before GC invocations=3 (full 0):
 par new generation   total 153344K, used 153344K [0x00000000e0000000, 0x00000000ea660000, 0x00000000ea660000)
  eden space 136320K, 100% used [0x00000000e0000000, 0x00000000e8520000, 0x00000000e8520000)
  from space 17024K, 100% used [0x00000000e95c0000, 0x00000000ea660000, 0x00000000ea660000)
  to   space 17024K,   0% used [0x00000000e8520000, 0x00000000e8520000, 0x00000000e95c0000)
 concurrent mark-sweep generation total 91776K, used 19655K [0x00000000ea660000, 0x00000000f0000000, 0x0000000100000000)
 Metaspace       used 27974K, capacity 29016K, committed 29184K, reserved 1075200K
  class space    used 3268K, capacity 3496K, committed 3584K, reserved 1048576K
4.172: [GC (Allocation Failure) 4.172: [ParNew: 153344K->14420K(153344K), 0.0257077 secs] 172999K->34630K(245120K), 0.0258277 secs] [Times: user=0.03 sys=0.00, real=0.02 secs] 
Heap after GC invocations=4 (full 0):
 par new generation   total 153344K, used 14420K [0x00000000e0000000, 0x00000000ea660000, 0x00000000ea660000)
  eden space 136320K,   0% used [0x00000000e0000000, 0x00000000e0000000, 0x00000000e8520000)
  from space 17024K,  84% used [0x00000000e8520000, 0x00000000e93351f0, 0x00000000e95c0000)
  to   space 17024K,   0% used [0x00000000e95c0000, 0x00000000e95c0000, 0x00000000ea660000)
 concurrent mark-sweep generation total 91776K, used 20209K [0x00000000ea660000, 0x00000000f0000000, 0x0000000100000000)
 Metaspace       used 27974K, capacity 29016K, committed 29184K, reserved 1075200K
  class space    used 3268K, capacity 3496K, committed 3584K, reserved 1048576K
}
{Heap before GC invocations=4 (full 0):
 par new generation   total 153344K, used 150740K [0x00000000e0000000, 0x00000000ea660000, 0x00000000ea660000)
  eden space 136320K, 100% used [0x00000000e0000000, 0x00000000e8520000, 0x00000000e8520000)
  from space 17024K,  84% used [0x00000000e8520000, 0x00000000e93351f0, 0x00000000e95c0000)
  to   space 17024K,   0% used [0x00000000e95c0000, 0x00000000e95c0000, 0x00000000ea660000)
 concurrent mark-sweep generation total 91776K, used 20209K [0x00000000ea660000, 0x00000000f0000000, 0x0000000100000000)
 Metaspace       used 33542K, capacity 35504K, committed 35712K, reserved 1081344K
  class space    used 4075K, capacity 4466K, committed 4480K, reserved 1048576K
6.042: [GC (Allocation Failure) 6.042: [ParNew: 150740K->9074K(153344K), 0.0283176 secs] 170950K->32724K(245120K), 0.0284192 secs] [Times: user=0.04 sys=0.00, real=0.02 secs] 
Heap after GC invocations=5 (full 0):
 par new generation   total 153344K, used 9074K [0x00000000e0000000, 0x00000000ea660000, 0x00000000ea660000)
  eden space 136320K,   0% used [0x00000000e0000000, 0x00000000e0000000, 0x00000000e8520000)
  from space 17024K,  53% used [0x00000000e95c0000, 0x00000000e9e9ca50, 0x00000000ea660000)
  to   space 17024K,   0% used [0x00000000e8520000, 0x00000000e8520000, 0x00000000e95c0000)
 concurrent mark-sweep generation total 91776K, used 23649K [0x00000000ea660000, 0x00000000f0000000, 0x0000000100000000)
 Metaspace       used 33542K, capacity 35504K, committed 35712K, reserved 1081344K
  class space    used 4075K, capacity 4466K, committed 4480K, reserved 1048576K
}
{Heap before GC invocations=5 (full 0):
 par new generation   total 153344K, used 145394K [0x00000000e0000000, 0x00000000ea660000, 0x00000000ea660000)
  eden space 136320K, 100% used [0x00000000e0000000, 0x00000000e8520000, 0x00000000e8520000)
  from space 17024K,  53% used [0x00000000e95c0000, 0x00000000e9e9ca50, 0x00000000ea660000)
  to   space 17024K,   0% used [0x00000000e8520000, 0x00000000e8520000, 0x00000000e95c0000)
 concurrent mark-sweep generation total 91776K, used 23649K [0x00000000ea660000, 0x00000000f0000000, 0x0000000100000000)
 Metaspace       used 38334K, capacity 40574K, committed 40832K, reserved 1085440K
  class space    used 4577K, capacity 4981K, committed 4992K, reserved 1048576K
4511.677: [GC (Allocation Failure) 4511.677: [ParNew: 145394K->13173K(153344K), 0.0192708 secs] 169044K->36823K(245120K), 0.0193764 secs] [Times: user=0.01 sys=0.01, real=0.02 secs] 
Heap after GC invocations=6 (full 0):
 par new generation   total 153344K, used 13173K [0x00000000e0000000, 0x00000000ea660000, 0x00000000ea660000)
  eden space 136320K,   0% used [0x00000000e0000000, 0x00000000e0000000, 0x00000000e8520000)
  from space 17024K,  77% used [0x00000000e8520000, 0x00000000e91fd7a0, 0x00000000e95c0000)
  to   space 17024K,   0% used [0x00000000e95c0000, 0x00000000e95c0000, 0x00000000ea660000)
 concurrent mark-sweep generation total 91776K, used 23649K [0x00000000ea660000, 0x00000000f0000000, 0x0000000100000000)
 Metaspace       used 38334K, capacity 40574K, committed 40832K, reserved 1085440K
  class space    used 4577K, capacity 4981K, committed 4992K, reserved 1048576K
}
{Heap before GC invocations=6 (full 0):
 par new generation   total 153344K, used 149493K [0x00000000e0000000, 0x00000000ea660000, 0x00000000ea660000)
  eden space 136320K, 100% used [0x00000000e0000000, 0x00000000e8520000, 0x00000000e8520000)
  from space 17024K,  77% used [0x00000000e8520000, 0x00000000e91fd7a0, 0x00000000e95c0000)
  to   space 17024K,   0% used [0x00000000e95c0000, 0x00000000e95c0000, 0x00000000ea660000)
 concurrent mark-sweep generation total 91776K, used 23649K [0x00000000ea660000, 0x00000000f0000000, 0x0000000100000000)
 Metaspace       used 38571K, capacity 40874K, committed 41216K, reserved 1085440K
  class space    used 4595K, capacity 5015K, committed 5120K, reserved 1048576K
61635.798: [GC (Allocation Failure) 61635.804: [ParNew: 149493K->8086K(153344K), 0.1848333 secs] 173143K->35319K(245120K), 0.1909536 secs] [Times: user=0.00 sys=0.12, real=0.19 secs] 
