OpenJDK 64-Bit Server VM (25.292-b10) for linux-amd64 JRE (1.8.0_292-b10), built on Apr 21 2021 14:24:48 by "mockbuild" with gcc 4.8.5 20150623 (Red Hat 4.8.5-44)
Memory: 4k page, physical 1015368k(384692k free), swap 839676k(453116k free)
CommandLine flags: -XX:CompressedClassSpaceSize=260046848 -XX:+HeapDumpOnOutOfMemoryError -XX:HeapDumpPath=/hli_app/log/was/TET_SMP/TET_SMP_java_pid_20210521135546.hprof -XX:InitialHeapSize=268435456 -XX:MaxHeapSize=536870912 -XX:MaxMetaspaceSize=268435456 -XX:MaxNewSize=174485504 -XX:MaxTenuringThreshold=6 -XX:MetaspaceSize=268435456 -XX:NewSize=174485504 -XX:OldPLABSize=16 -XX:OldSize=348971008 -XX:+PrintGC -XX:+PrintGCDetails -XX:+PrintGCTimeStamps -XX:+PrintHeapAtGC -XX:+UseCompressedClassPointers -XX:+UseCompressedOops -XX:+UseConcMarkSweepGC -XX:+UseParNewGC 
{Heap before GC invocations=0 (full 0):
 par new generation   total 153344K, used 136320K [0x00000000e0000000, 0x00000000ea660000, 0x00000000ea660000)
  eden space 136320K, 100% used [0x00000000e0000000, 0x00000000e8520000, 0x00000000e8520000)
  from space 17024K,   0% used [0x00000000e8520000, 0x00000000e8520000, 0x00000000e95c0000)
  to   space 17024K,   0% used [0x00000000e95c0000, 0x00000000e95c0000, 0x00000000ea660000)
 concurrent mark-sweep generation total 91776K, used 0K [0x00000000ea660000, 0x00000000f0000000, 0x0000000100000000)
 Metaspace       used 17049K, capacity 17440K, committed 17664K, reserved 1064960K
  class space    used 1818K, capacity 1936K, committed 2048K, reserved 1048576K
1.905: [GC (Allocation Failure) 1.905: [ParNew: 136320K->17023K(153344K), 0.0291664 secs] 136320K->21384K(245120K), 0.0293002 secs] [Times: user=0.02 sys=0.02, real=0.03 secs] 
Heap after GC invocations=1 (full 0):
 par new generation   total 153344K, used 17023K [0x00000000e0000000, 0x00000000ea660000, 0x00000000ea660000)
  eden space 136320K,   0% used [0x00000000e0000000, 0x00000000e0000000, 0x00000000e8520000)
  from space 17024K,  99% used [0x00000000e95c0000, 0x00000000ea65fff8, 0x00000000ea660000)
  to   space 17024K,   0% used [0x00000000e8520000, 0x00000000e8520000, 0x00000000e95c0000)
 concurrent mark-sweep generation total 91776K, used 4360K [0x00000000ea660000, 0x00000000f0000000, 0x0000000100000000)
 Metaspace       used 17049K, capacity 17440K, committed 17664K, reserved 1064960K
  class space    used 1818K, capacity 1936K, committed 2048K, reserved 1048576K
}
{Heap before GC invocations=1 (full 0):
 par new generation   total 153344K, used 153343K [0x00000000e0000000, 0x00000000ea660000, 0x00000000ea660000)
  eden space 136320K, 100% used [0x00000000e0000000, 0x00000000e8520000, 0x00000000e8520000)
  from space 17024K,  99% used [0x00000000e95c0000, 0x00000000ea65fff8, 0x00000000ea660000)
  to   space 17024K,   0% used [0x00000000e8520000, 0x00000000e8520000, 0x00000000e95c0000)
 concurrent mark-sweep generation total 91776K, used 4360K [0x00000000ea660000, 0x00000000f0000000, 0x0000000100000000)
 Metaspace       used 17176K, capacity 17574K, committed 17920K, reserved 1064960K
  class space    used 1819K, capacity 1938K, committed 2048K, reserved 1048576K
2.364: [GC (Allocation Failure) 2.364: [ParNew: 153343K->17024K(153344K), 0.1041118 secs] 157704K->34572K(245120K), 0.1042404 secs] [Times: user=0.09 sys=0.07, real=0.10 secs] 
Heap after GC invocations=2 (full 0):
 par new generation   total 153344K, used 17024K [0x00000000e0000000, 0x00000000ea660000, 0x00000000ea660000)
  eden space 136320K,   0% used [0x00000000e0000000, 0x00000000e0000000, 0x00000000e8520000)
  from space 17024K, 100% used [0x00000000e8520000, 0x00000000e95c0000, 0x00000000e95c0000)
  to   space 17024K,   0% used [0x00000000e95c0000, 0x00000000e95c0000, 0x00000000ea660000)
 concurrent mark-sweep generation total 91776K, used 17548K [0x00000000ea660000, 0x00000000f0000000, 0x0000000100000000)
 Metaspace       used 17176K, capacity 17574K, committed 17920K, reserved 1064960K
  class space    used 1819K, capacity 1938K, committed 2048K, reserved 1048576K
}
{Heap before GC invocations=2 (full 0):
 par new generation   total 153344K, used 153344K [0x00000000e0000000, 0x00000000ea660000, 0x00000000ea660000)
  eden space 136320K, 100% used [0x00000000e0000000, 0x00000000e8520000, 0x00000000e8520000)
  from space 17024K, 100% used [0x00000000e8520000, 0x00000000e95c0000, 0x00000000e95c0000)
  to   space 17024K,   0% used [0x00000000e95c0000, 0x00000000e95c0000, 0x00000000ea660000)
 concurrent mark-sweep generation total 91776K, used 17548K [0x00000000ea660000, 0x00000000f0000000, 0x0000000100000000)
 Metaspace       used 17992K, capacity 18450K, committed 18816K, reserved 1067008K
  class space    used 1914K, capacity 2051K, committed 2176K, reserved 1048576K
3.098: [GC (Allocation Failure) 3.098: [ParNew: 153344K->17023K(153344K), 0.0167536 secs] 170892K->35330K(245120K), 0.0168524 secs] [Times: user=0.02 sys=0.01, real=0.02 secs] 
