OpenJDK 64-Bit Server VM (25.292-b10) for linux-amd64 JRE (1.8.0_292-b10), built on Apr 21 2021 14:24:48 by "mockbuild" with gcc 4.8.5 20150623 (Red Hat 4.8.5-44)
Memory: 4k page, physical 1015368k(88096k free), swap 839676k(839676k free)
CommandLine flags: -XX:CompressedClassSpaceSize=260046848 -XX:+HeapDumpOnOutOfMemoryError -XX:HeapDumpPath=/hli_app/log/was/TET_SMP/TET_SMP_java_pid_20210720095904.hprof -XX:InitialHeapSize=268435456 -XX:MaxHeapSize=536870912 -XX:MaxMetaspaceSize=268435456 -XX:MaxNewSize=174485504 -XX:MaxTenuringThreshold=6 -XX:MetaspaceSize=268435456 -XX:NewSize=174485504 -XX:OldPLABSize=16 -XX:OldSize=348971008 -XX:+PrintGC -XX:+PrintGCDetails -XX:+PrintGCTimeStamps -XX:+PrintHeapAtGC -XX:+UseCompressedClassPointers -XX:+UseCompressedOops -XX:+UseConcMarkSweepGC -XX:+UseParNewGC 
{Heap before GC invocations=0 (full 0):
 par new generation   total 153344K, used 136320K [0x00000000e0000000, 0x00000000ea660000, 0x00000000ea660000)
  eden space 136320K, 100% used [0x00000000e0000000, 0x00000000e8520000, 0x00000000e8520000)
  from space 17024K,   0% used [0x00000000e8520000, 0x00000000e8520000, 0x00000000e95c0000)
  to   space 17024K,   0% used [0x00000000e95c0000, 0x00000000e95c0000, 0x00000000ea660000)
 concurrent mark-sweep generation total 91776K, used 0K [0x00000000ea660000, 0x00000000f0000000, 0x0000000100000000)
 Metaspace       used 18941K, capacity 19460K, committed 19584K, reserved 1067008K
  class space    used 2003K, capacity 2152K, committed 2176K, reserved 1048576K
3.112: [GC (Allocation Failure) 3.112: [ParNew: 136320K->17024K(153344K), 0.0385197 secs] 136320K->21690K(245120K), 0.0389705 secs] [Times: user=0.02 sys=0.02, real=0.04 secs] 
Heap after GC invocations=1 (full 0):
 par new generation   total 153344K, used 17024K [0x00000000e0000000, 0x00000000ea660000, 0x00000000ea660000)
  eden space 136320K,   0% used [0x00000000e0000000, 0x00000000e0000000, 0x00000000e8520000)
  from space 17024K, 100% used [0x00000000e95c0000, 0x00000000ea660000, 0x00000000ea660000)
  to   space 17024K,   0% used [0x00000000e8520000, 0x00000000e8520000, 0x00000000e95c0000)
 concurrent mark-sweep generation total 91776K, used 4666K [0x00000000ea660000, 0x00000000f0000000, 0x0000000100000000)
 Metaspace       used 18941K, capacity 19460K, committed 19584K, reserved 1067008K
  class space    used 2003K, capacity 2152K, committed 2176K, reserved 1048576K
}
{Heap before GC invocations=1 (full 0):
 par new generation   total 153344K, used 153344K [0x00000000e0000000, 0x00000000ea660000, 0x00000000ea660000)
  eden space 136320K, 100% used [0x00000000e0000000, 0x00000000e8520000, 0x00000000e8520000)
  from space 17024K, 100% used [0x00000000e95c0000, 0x00000000ea660000, 0x00000000ea660000)
  to   space 17024K,   0% used [0x00000000e8520000, 0x00000000e8520000, 0x00000000e95c0000)
 concurrent mark-sweep generation total 91776K, used 4666K [0x00000000ea660000, 0x00000000f0000000, 0x0000000100000000)
 Metaspace       used 21890K, capacity 22292K, committed 22400K, reserved 1069056K
  class space    used 2277K, capacity 2411K, committed 2432K, reserved 1048576K
6411.593: [GC (Allocation Failure) 6411.593: [ParNew: 153344K->17024K(153344K), 0.1161206 secs] 158010K->30938K(245120K), 0.1164033 secs] [Times: user=0.05 sys=0.14, real=0.12 secs] 
Heap after GC invocations=2 (full 0):
 par new generation   total 153344K, used 17024K [0x00000000e0000000, 0x00000000ea660000, 0x00000000ea660000)
  eden space 136320K,   0% used [0x00000000e0000000, 0x00000000e0000000, 0x00000000e8520000)
  from space 17024K, 100% used [0x00000000e8520000, 0x00000000e95c0000, 0x00000000e95c0000)
  to   space 17024K,   0% used [0x00000000e95c0000, 0x00000000e95c0000, 0x00000000ea660000)
 concurrent mark-sweep generation total 91776K, used 13914K [0x00000000ea660000, 0x00000000f0000000, 0x0000000100000000)
 Metaspace       used 21890K, capacity 22292K, committed 22400K, reserved 1069056K
  class space    used 2277K, capacity 2411K, committed 2432K, reserved 1048576K
}
{Heap before GC invocations=2 (full 0):
 par new generation   total 153344K, used 153344K [0x00000000e0000000, 0x00000000ea660000, 0x00000000ea660000)
  eden space 136320K, 100% used [0x00000000e0000000, 0x00000000e8520000, 0x00000000e8520000)
  from space 17024K, 100% used [0x00000000e8520000, 0x00000000e95c0000, 0x00000000e95c0000)
  to   space 17024K,   0% used [0x00000000e95c0000, 0x00000000e95c0000, 0x00000000ea660000)
 concurrent mark-sweep generation total 91776K, used 13914K [0x00000000ea660000, 0x00000000f0000000, 0x0000000100000000)
 Metaspace       used 22358K, capacity 22784K, committed 23040K, reserved 1069056K
  class space    used 2327K, capacity 2447K, committed 2560K, reserved 1048576K
25347.428: [GC (Allocation Failure) 25347.429: [ParNew: 153344K->3011K(153344K), 0.1205347 secs] 167258K->18751K(245120K), 0.1220818 secs] [Times: user=0.00 sys=0.06, real=0.13 secs] 
Heap after GC invocations=3 (full 0):
 par new generation   total 153344K, used 3011K [0x00000000e0000000, 0x00000000ea660000, 0x00000000ea660000)
  eden space 136320K,   0% used [0x00000000e0000000, 0x00000000e0000000, 0x00000000e8520000)
  from space 17024K,  17% used [0x00000000e95c0000, 0x00000000e98b0d08, 0x00000000ea660000)
  to   space 17024K,   0% used [0x00000000e8520000, 0x00000000e8520000, 0x00000000e95c0000)
 concurrent mark-sweep generation total 91776K, used 15740K [0x00000000ea660000, 0x00000000f0000000, 0x0000000100000000)
 Metaspace       used 22358K, capacity 22784K, committed 23040K, reserved 1069056K
  class space    used 2327K, capacity 2447K, committed 2560K, reserved 1048576K
}
{Heap before GC invocations=3 (full 0):
 par new generation   total 153344K, used 139331K [0x00000000e0000000, 0x00000000ea660000, 0x00000000ea660000)
  eden space 136320K, 100% used [0x00000000e0000000, 0x00000000e8520000, 0x00000000e8520000)
  from space 17024K,  17% used [0x00000000e95c0000, 0x00000000e98b0d08, 0x00000000ea660000)
  to   space 17024K,   0% used [0x00000000e8520000, 0x00000000e8520000, 0x00000000e95c0000)
 concurrent mark-sweep generation total 91776K, used 15740K [0x00000000ea660000, 0x00000000f0000000, 0x0000000100000000)
 Metaspace       used 22358K, capacity 22784K, committed 23040K, reserved 1069056K
  class space    used 2327K, capacity 2447K, committed 2560K, reserved 1048576K
46343.023: [GC (Allocation Failure) 46343.023: [ParNew: 139331K->1675K(153344K), 0.0093295 secs] 155071K->17415K(245120K), 0.0094972 secs] [Times: user=0.01 sys=0.00, real=0.01 secs] 
