OpenJDK 64-Bit Server VM (25.292-b10) for linux-amd64 JRE (1.8.0_292-b10), built on Apr 21 2021 14:24:48 by "mockbuild" with gcc 4.8.5 20150623 (Red Hat 4.8.5-44)
Memory: 4k page, physical 1015368k(283160k free), swap 839676k(839676k free)
CommandLine flags: -XX:CompressedClassSpaceSize=260046848 -XX:+HeapDumpOnOutOfMemoryError -XX:HeapDumpPath=/hli_app/log/was/TET_SMP/TET_SMP_java_pid_20210518170738.hprof -XX:InitialHeapSize=268435456 -XX:MaxHeapSize=536870912 -XX:MaxMetaspaceSize=268435456 -XX:MaxNewSize=174485504 -XX:MaxTenuringThreshold=6 -XX:MetaspaceSize=268435456 -XX:NewSize=174485504 -XX:OldPLABSize=16 -XX:OldSize=348971008 -XX:+PrintGC -XX:+PrintGCDetails -XX:+PrintGCTimeStamps -XX:+PrintHeapAtGC -XX:+UseCompressedClassPointers -XX:+UseCompressedOops -XX:+UseConcMarkSweepGC -XX:+UseParNewGC 
{Heap before GC invocations=0 (full 0):
 par new generation   total 153344K, used 136320K [0x00000000e0000000, 0x00000000ea660000, 0x00000000ea660000)
  eden space 136320K, 100% used [0x00000000e0000000, 0x00000000e8520000, 0x00000000e8520000)
  from space 17024K,   0% used [0x00000000e8520000, 0x00000000e8520000, 0x00000000e95c0000)
  to   space 17024K,   0% used [0x00000000e95c0000, 0x00000000e95c0000, 0x00000000ea660000)
 concurrent mark-sweep generation total 91776K, used 0K [0x00000000ea660000, 0x00000000f0000000, 0x0000000100000000)
 Metaspace       used 16134K, capacity 16478K, committed 16768K, reserved 1064960K
  class space    used 1697K, capacity 1810K, committed 1920K, reserved 1048576K
4.033: [GC (Allocation Failure) 4.033: [ParNew: 136320K->17024K(153344K), 0.0349984 secs] 136320K->18480K(245120K), 0.0351083 secs] [Times: user=0.02 sys=0.02, real=0.03 secs] 
Heap after GC invocations=1 (full 0):
 par new generation   total 153344K, used 17024K [0x00000000e0000000, 0x00000000ea660000, 0x00000000ea660000)
  eden space 136320K,   0% used [0x00000000e0000000, 0x00000000e0000000, 0x00000000e8520000)
  from space 17024K, 100% used [0x00000000e95c0000, 0x00000000ea660000, 0x00000000ea660000)
  to   space 17024K,   0% used [0x00000000e8520000, 0x00000000e8520000, 0x00000000e95c0000)
 concurrent mark-sweep generation total 91776K, used 1456K [0x00000000ea660000, 0x00000000f0000000, 0x0000000100000000)
 Metaspace       used 16134K, capacity 16478K, committed 16768K, reserved 1064960K
  class space    used 1697K, capacity 1810K, committed 1920K, reserved 1048576K
}
{Heap before GC invocations=1 (full 0):
 par new generation   total 153344K, used 153344K [0x00000000e0000000, 0x00000000ea660000, 0x00000000ea660000)
  eden space 136320K, 100% used [0x00000000e0000000, 0x00000000e8520000, 0x00000000e8520000)
  from space 17024K, 100% used [0x00000000e95c0000, 0x00000000ea660000, 0x00000000ea660000)
  to   space 17024K,   0% used [0x00000000e8520000, 0x00000000e8520000, 0x00000000e95c0000)
 concurrent mark-sweep generation total 91776K, used 1456K [0x00000000ea660000, 0x00000000f0000000, 0x0000000100000000)
 Metaspace       used 16202K, capacity 16610K, committed 16768K, reserved 1064960K
  class space    used 1701K, capacity 1814K, committed 1920K, reserved 1048576K
4.411: [GC (Allocation Failure) 4.411: [ParNew: 153344K->17024K(153344K), 0.0591609 secs] 154800K->32437K(245120K), 0.0594604 secs] [Times: user=0.05 sys=0.04, real=0.05 secs] 
Heap after GC invocations=2 (full 0):
 par new generation   total 153344K, used 17024K [0x00000000e0000000, 0x00000000ea660000, 0x00000000ea660000)
  eden space 136320K,   0% used [0x00000000e0000000, 0x00000000e0000000, 0x00000000e8520000)
  from space 17024K, 100% used [0x00000000e8520000, 0x00000000e95c0000, 0x00000000e95c0000)
  to   space 17024K,   0% used [0x00000000e95c0000, 0x00000000e95c0000, 0x00000000ea660000)
 concurrent mark-sweep generation total 91776K, used 15413K [0x00000000ea660000, 0x00000000f0000000, 0x0000000100000000)
 Metaspace       used 16202K, capacity 16610K, committed 16768K, reserved 1064960K
  class space    used 1701K, capacity 1814K, committed 1920K, reserved 1048576K
}
{Heap before GC invocations=2 (full 0):
 par new generation   total 153344K, used 153344K [0x00000000e0000000, 0x00000000ea660000, 0x00000000ea660000)
  eden space 136320K, 100% used [0x00000000e0000000, 0x00000000e8520000, 0x00000000e8520000)
  from space 17024K, 100% used [0x00000000e8520000, 0x00000000e95c0000, 0x00000000e95c0000)
  to   space 17024K,   0% used [0x00000000e95c0000, 0x00000000e95c0000, 0x00000000ea660000)
 concurrent mark-sweep generation total 91776K, used 15413K [0x00000000ea660000, 0x00000000f0000000, 0x0000000100000000)
 Metaspace       used 16262K, capacity 16738K, committed 17024K, reserved 1064960K
  class space    used 1703K, capacity 1814K, committed 1920K, reserved 1048576K
4.828: [GC (Allocation Failure) 4.828: [ParNew: 153344K->17024K(153344K), 0.0214853 secs] 168757K->35732K(245120K), 0.0215793 secs] [Times: user=0.01 sys=0.01, real=0.02 secs] 
Heap after GC invocations=3 (full 0):
 par new generation   total 153344K, used 17024K [0x00000000e0000000, 0x00000000ea660000, 0x00000000ea660000)
  eden space 136320K,   0% used [0x00000000e0000000, 0x00000000e0000000, 0x00000000e8520000)
  from space 17024K, 100% used [0x00000000e95c0000, 0x00000000ea660000, 0x00000000ea660000)
  to   space 17024K,   0% used [0x00000000e8520000, 0x00000000e8520000, 0x00000000e95c0000)
 concurrent mark-sweep generation total 91776K, used 18708K [0x00000000ea660000, 0x00000000f0000000, 0x0000000100000000)
 Metaspace       used 16262K, capacity 16738K, committed 17024K, reserved 1064960K
  class space    used 1703K, capacity 1814K, committed 1920K, reserved 1048576K
}
{Heap before GC invocations=3 (full 0):
 par new generation   total 153344K, used 153344K [0x00000000e0000000, 0x00000000ea660000, 0x00000000ea660000)
  eden space 136320K, 100% used [0x00000000e0000000, 0x00000000e8520000, 0x00000000e8520000)
  from space 17024K, 100% used [0x00000000e95c0000, 0x00000000ea660000, 0x00000000ea660000)
  to   space 17024K,   0% used [0x00000000e8520000, 0x00000000e8520000, 0x00000000e95c0000)
 concurrent mark-sweep generation total 91776K, used 18708K [0x00000000ea660000, 0x00000000f0000000, 0x0000000100000000)
 Metaspace       used 28514K, capacity 29560K, committed 29824K, reserved 1075200K
  class space    used 3326K, capacity 3586K, committed 3712K, reserved 1048576K
7.528: [GC (Allocation Failure) 7.528: [ParNew: 153344K->14242K(153344K), 0.0154808 secs] 172052K->33337K(245120K), 0.0155639 secs] [Times: user=0.00 sys=0.00, real=0.02 secs] 
Heap after GC invocations=4 (full 0):
 par new generation   total 153344K, used 14242K [0x00000000e0000000, 0x00000000ea660000, 0x00000000ea660000)
  eden space 136320K,   0% used [0x00000000e0000000, 0x00000000e0000000, 0x00000000e8520000)
  from space 17024K,  83% used [0x00000000e8520000, 0x00000000e9308a80, 0x00000000e95c0000)
  to   space 17024K,   0% used [0x00000000e95c0000, 0x00000000e95c0000, 0x00000000ea660000)
 concurrent mark-sweep generation total 91776K, used 19095K [0x00000000ea660000, 0x00000000f0000000, 0x0000000100000000)
 Metaspace       used 28514K, capacity 29560K, committed 29824K, reserved 1075200K
  class space    used 3326K, capacity 3586K, committed 3712K, reserved 1048576K
}
{Heap before GC invocations=4 (full 0):
 par new generation   total 153344K, used 150562K [0x00000000e0000000, 0x00000000ea660000, 0x00000000ea660000)
  eden space 136320K, 100% used [0x00000000e0000000, 0x00000000e8520000, 0x00000000e8520000)
  from space 17024K,  83% used [0x00000000e8520000, 0x00000000e9308a80, 0x00000000e95c0000)
  to   space 17024K,   0% used [0x00000000e95c0000, 0x00000000e95c0000, 0x00000000ea660000)
 concurrent mark-sweep generation total 91776K, used 19095K [0x00000000ea660000, 0x00000000f0000000, 0x0000000100000000)
 Metaspace       used 34791K, capacity 36906K, committed 37248K, reserved 1081344K
  class space    used 4232K, capacity 4629K, committed 4736K, reserved 1048576K
8.923: [GC (Allocation Failure) 8.923: [ParNew: 150562K->9776K(153344K), 0.0163636 secs] 169657K->31741K(245120K), 0.0164444 secs] [Times: user=0.02 sys=0.00, real=0.01 secs] 
