OpenJDK 64-Bit Server VM (25.292-b10) for linux-amd64 JRE (1.8.0_292-b10), built on Apr 21 2021 14:24:48 by "mockbuild" with gcc 4.8.5 20150623 (Red Hat 4.8.5-44)
Memory: 4k page, physical 1015368k(113412k free), swap 839676k(839676k free)
CommandLine flags: -XX:CompressedClassSpaceSize=260046848 -XX:+HeapDumpOnOutOfMemoryError -XX:HeapDumpPath=/hli_app/log/was/TET_SMP/TET_SMP_java_pid_20210908174754.hprof -XX:InitialHeapSize=268435456 -XX:MaxHeapSize=536870912 -XX:MaxMetaspaceSize=268435456 -XX:MaxNewSize=174485504 -XX:MaxTenuringThreshold=6 -XX:MetaspaceSize=268435456 -XX:NewSize=174485504 -XX:OldPLABSize=16 -XX:OldSize=348971008 -XX:+PrintGC -XX:+PrintGCDetails -XX:+PrintGCTimeStamps -XX:+PrintHeapAtGC -XX:+UseCompressedClassPointers -XX:+UseCompressedOops -XX:+UseConcMarkSweepGC -XX:+UseParNewGC 
{Heap before GC invocations=0 (full 0):
 par new generation   total 153344K, used 136320K [0x00000000e0000000, 0x00000000ea660000, 0x00000000ea660000)
  eden space 136320K, 100% used [0x00000000e0000000, 0x00000000e8520000, 0x00000000e8520000)
  from space 17024K,   0% used [0x00000000e8520000, 0x00000000e8520000, 0x00000000e95c0000)
  to   space 17024K,   0% used [0x00000000e95c0000, 0x00000000e95c0000, 0x00000000ea660000)
 concurrent mark-sweep generation total 91776K, used 0K [0x00000000ea660000, 0x00000000f0000000, 0x0000000100000000)
 Metaspace       used 19665K, capacity 20090K, committed 20224K, reserved 1067008K
  class space    used 2123K, capacity 2282K, committed 2304K, reserved 1048576K
3.759: [GC (Allocation Failure) 3.759: [ParNew: 136320K->17023K(153344K), 0.0333497 secs] 136320K->21278K(245120K), 0.0334823 secs] [Times: user=0.00 sys=0.00, real=0.00 secs] 
Heap after GC invocations=1 (full 0):
 par new generation   total 153344K, used 17023K [0x00000000e0000000, 0x00000000ea660000, 0x00000000ea660000)
  eden space 136320K,   0% used [0x00000000e0000000, 0x00000000e0000000, 0x00000000e8520000)
  from space 17024K,  99% used [0x00000000e95c0000, 0x00000000ea65fff8, 0x00000000ea660000)
  to   space 17024K,   0% used [0x00000000e8520000, 0x00000000e8520000, 0x00000000e95c0000)
 concurrent mark-sweep generation total 91776K, used 4254K [0x00000000ea660000, 0x00000000f0000000, 0x0000000100000000)
 Metaspace       used 19665K, capacity 20090K, committed 20224K, reserved 1067008K
  class space    used 2123K, capacity 2282K, committed 2304K, reserved 1048576K
}
{Heap before GC invocations=1 (full 0):
 par new generation   total 153344K, used 153343K [0x00000000e0000000, 0x00000000ea660000, 0x00000000ea660000)
  eden space 136320K, 100% used [0x00000000e0000000, 0x00000000e8520000, 0x00000000e8520000)
  from space 17024K,  99% used [0x00000000e95c0000, 0x00000000ea65fff8, 0x00000000ea660000)
  to   space 17024K,   0% used [0x00000000e8520000, 0x00000000e8520000, 0x00000000e95c0000)
 concurrent mark-sweep generation total 91776K, used 4254K [0x00000000ea660000, 0x00000000f0000000, 0x0000000100000000)
 Metaspace       used 22632K, capacity 23036K, committed 23168K, reserved 1069056K
  class space    used 2429K, capacity 2576K, committed 2688K, reserved 1048576K
602.860: [GC (Allocation Failure) 602.863: [ParNew: 153343K->17023K(153344K), 0.1439073 secs] 157598K->35087K(245120K), 0.1476515 secs] [Times: user=0.03 sys=0.13, real=0.15 secs] 
Heap after GC invocations=2 (full 0):
 par new generation   total 153344K, used 17023K [0x00000000e0000000, 0x00000000ea660000, 0x00000000ea660000)
  eden space 136320K,   0% used [0x00000000e0000000, 0x00000000e0000000, 0x00000000e8520000)
  from space 17024K,  99% used [0x00000000e8520000, 0x00000000e95bfff8, 0x00000000e95c0000)
  to   space 17024K,   0% used [0x00000000e95c0000, 0x00000000e95c0000, 0x00000000ea660000)
 concurrent mark-sweep generation total 91776K, used 18063K [0x00000000ea660000, 0x00000000f0000000, 0x0000000100000000)
 Metaspace       used 22632K, capacity 23036K, committed 23168K, reserved 1069056K
  class space    used 2429K, capacity 2576K, committed 2688K, reserved 1048576K
}
{Heap before GC invocations=2 (full 0):
 par new generation   total 153344K, used 153343K [0x00000000e0000000, 0x00000000ea660000, 0x00000000ea660000)
  eden space 136320K, 100% used [0x00000000e0000000, 0x00000000e8520000, 0x00000000e8520000)
  from space 17024K,  99% used [0x00000000e8520000, 0x00000000e95bfff8, 0x00000000e95c0000)
  to   space 17024K,   0% used [0x00000000e95c0000, 0x00000000e95c0000, 0x00000000ea660000)
 concurrent mark-sweep generation total 91776K, used 18063K [0x00000000ea660000, 0x00000000f0000000, 0x0000000100000000)
 Metaspace       used 22916K, capacity 23362K, committed 23680K, reserved 1071104K
  class space    used 2431K, capacity 2577K, committed 2688K, reserved 1048576K
19714.871: [GC (Allocation Failure) 19714.872: [ParNew: 153343K->2900K(153344K), 0.0261113 secs] 171407K->22746K(245120K), 0.0271799 secs] [Times: user=0.01 sys=0.01, real=0.03 secs] 
Heap after GC invocations=3 (full 0):
 par new generation   total 153344K, used 2900K [0x00000000e0000000, 0x00000000ea660000, 0x00000000ea660000)
  eden space 136320K,   0% used [0x00000000e0000000, 0x00000000e0000000, 0x00000000e8520000)
  from space 17024K,  17% used [0x00000000e95c0000, 0x00000000e9895398, 0x00000000ea660000)
  to   space 17024K,   0% used [0x00000000e8520000, 0x00000000e8520000, 0x00000000e95c0000)
 concurrent mark-sweep generation total 91776K, used 19845K [0x00000000ea660000, 0x00000000f0000000, 0x0000000100000000)
 Metaspace       used 22916K, capacity 23362K, committed 23680K, reserved 1071104K
  class space    used 2431K, capacity 2577K, committed 2688K, reserved 1048576K
}
{Heap before GC invocations=3 (full 0):
 par new generation   total 153344K, used 139220K [0x00000000e0000000, 0x00000000ea660000, 0x00000000ea660000)
  eden space 136320K, 100% used [0x00000000e0000000, 0x00000000e8520000, 0x00000000e8520000)
  from space 17024K,  17% used [0x00000000e95c0000, 0x00000000e9895398, 0x00000000ea660000)
  to   space 17024K,   0% used [0x00000000e8520000, 0x00000000e8520000, 0x00000000e95c0000)
 concurrent mark-sweep generation total 91776K, used 19845K [0x00000000ea660000, 0x00000000f0000000, 0x0000000100000000)
 Metaspace       used 22930K, capacity 23362K, committed 23680K, reserved 1071104K
  class space    used 2431K, capacity 2577K, committed 2688K, reserved 1048576K
40785.090: [GC (Allocation Failure) 40785.094: [ParNew: 139220K->1120K(153344K), 0.0093965 secs] 159066K->20965K(245120K), 0.0133963 secs] [Times: user=0.00 sys=0.01, real=0.02 secs] 
Heap after GC invocations=4 (full 0):
 par new generation   total 153344K, used 1120K [0x00000000e0000000, 0x00000000ea660000, 0x00000000ea660000)
  eden space 136320K,   0% used [0x00000000e0000000, 0x00000000e0000000, 0x00000000e8520000)
  from space 17024K,   6% used [0x00000000e8520000, 0x00000000e86380a8, 0x00000000e95c0000)
  to   space 17024K,   0% used [0x00000000e95c0000, 0x00000000e95c0000, 0x00000000ea660000)
 concurrent mark-sweep generation total 91776K, used 19845K [0x00000000ea660000, 0x00000000f0000000, 0x0000000100000000)
 Metaspace       used 22930K, capacity 23362K, committed 23680K, reserved 1071104K
  class space    used 2431K, capacity 2577K, committed 2688K, reserved 1048576K
}
{Heap before GC invocations=4 (full 0):
 par new generation   total 153344K, used 137440K [0x00000000e0000000, 0x00000000ea660000, 0x00000000ea660000)
  eden space 136320K, 100% used [0x00000000e0000000, 0x00000000e8520000, 0x00000000e8520000)
  from space 17024K,   6% used [0x00000000e8520000, 0x00000000e86380a8, 0x00000000e95c0000)
  to   space 17024K,   0% used [0x00000000e95c0000, 0x00000000e95c0000, 0x00000000ea660000)
 concurrent mark-sweep generation total 91776K, used 19845K [0x00000000ea660000, 0x00000000f0000000, 0x0000000100000000)
 Metaspace       used 22949K, capacity 23362K, committed 23680K, reserved 1071104K
  class space    used 2431K, capacity 2577K, committed 2688K, reserved 1048576K
61861.513: [GC (Allocation Failure) 61861.514: [ParNew: 137440K->675K(153344K), 0.0039172 secs] 157285K->20520K(245120K), 0.0050302 secs] [Times: user=0.00 sys=0.00, real=0.01 secs] 
