OpenJDK 64-Bit Server VM (25.292-b10) for linux-amd64 JRE (1.8.0_292-b10), built on Apr 21 2021 14:24:48 by "mockbuild" with gcc 4.8.5 20150623 (Red Hat 4.8.5-44)
Memory: 4k page, physical 1015368k(280592k free), swap 839676k(539900k free)
CommandLine flags: -XX:CompressedClassSpaceSize=260046848 -XX:+HeapDumpOnOutOfMemoryError -XX:HeapDumpPath=/hli_app/log/was/TET_SMP/TET_SMP_java_pid_20210610205930.hprof -XX:InitialHeapSize=268435456 -XX:MaxHeapSize=536870912 -XX:MaxMetaspaceSize=268435456 -XX:MaxNewSize=174485504 -XX:MaxTenuringThreshold=6 -XX:MetaspaceSize=268435456 -XX:NewSize=174485504 -XX:OldPLABSize=16 -XX:OldSize=348971008 -XX:+PrintGC -XX:+PrintGCDetails -XX:+PrintGCTimeStamps -XX:+PrintHeapAtGC -XX:+UseCompressedClassPointers -XX:+UseCompressedOops -XX:+UseConcMarkSweepGC -XX:+UseParNewGC 
{Heap before GC invocations=0 (full 0):
 par new generation   total 153344K, used 136320K [0x00000000e0000000, 0x00000000ea660000, 0x00000000ea660000)
  eden space 136320K, 100% used [0x00000000e0000000, 0x00000000e8520000, 0x00000000e8520000)
  from space 17024K,   0% used [0x00000000e8520000, 0x00000000e8520000, 0x00000000e95c0000)
  to   space 17024K,   0% used [0x00000000e95c0000, 0x00000000e95c0000, 0x00000000ea660000)
 concurrent mark-sweep generation total 91776K, used 0K [0x00000000ea660000, 0x00000000f0000000, 0x0000000100000000)
 Metaspace       used 18963K, capacity 19416K, committed 19584K, reserved 1067008K
  class space    used 2001K, capacity 2120K, committed 2176K, reserved 1048576K
2.447: [GC (Allocation Failure) 2.447: [ParNew: 136320K->17024K(153344K), 0.0459789 secs] 136320K->21705K(245120K), 0.0461025 secs] [Times: user=0.04 sys=0.00, real=0.04 secs] 
Heap after GC invocations=1 (full 0):
 par new generation   total 153344K, used 17024K [0x00000000e0000000, 0x00000000ea660000, 0x00000000ea660000)
  eden space 136320K,   0% used [0x00000000e0000000, 0x00000000e0000000, 0x00000000e8520000)
  from space 17024K, 100% used [0x00000000e95c0000, 0x00000000ea660000, 0x00000000ea660000)
  to   space 17024K,   0% used [0x00000000e8520000, 0x00000000e8520000, 0x00000000e95c0000)
 concurrent mark-sweep generation total 91776K, used 4681K [0x00000000ea660000, 0x00000000f0000000, 0x0000000100000000)
 Metaspace       used 18963K, capacity 19416K, committed 19584K, reserved 1067008K
  class space    used 2001K, capacity 2120K, committed 2176K, reserved 1048576K
}
{Heap before GC invocations=1 (full 0):
 par new generation   total 153344K, used 153344K [0x00000000e0000000, 0x00000000ea660000, 0x00000000ea660000)
  eden space 136320K, 100% used [0x00000000e0000000, 0x00000000e8520000, 0x00000000e8520000)
  from space 17024K, 100% used [0x00000000e95c0000, 0x00000000ea660000, 0x00000000ea660000)
  to   space 17024K,   0% used [0x00000000e8520000, 0x00000000e8520000, 0x00000000e95c0000)
 concurrent mark-sweep generation total 91776K, used 4681K [0x00000000ea660000, 0x00000000f0000000, 0x0000000100000000)
 Metaspace       used 20935K, capacity 21382K, committed 21504K, reserved 1069056K
  class space    used 2156K, capacity 2282K, committed 2304K, reserved 1048576K
7559.494: [GC (Allocation Failure) 7559.497: [ParNew: 153344K->16811K(153344K), 0.0920585 secs] 158025K->30440K(245120K), 0.0950797 secs] [Times: user=0.00 sys=0.11, real=0.09 secs] 
Heap after GC invocations=2 (full 0):
 par new generation   total 153344K, used 16811K [0x00000000e0000000, 0x00000000ea660000, 0x00000000ea660000)
  eden space 136320K,   0% used [0x00000000e0000000, 0x00000000e0000000, 0x00000000e8520000)
  from space 17024K,  98% used [0x00000000e8520000, 0x00000000e958acd0, 0x00000000e95c0000)
  to   space 17024K,   0% used [0x00000000e95c0000, 0x00000000e95c0000, 0x00000000ea660000)
 concurrent mark-sweep generation total 91776K, used 13629K [0x00000000ea660000, 0x00000000f0000000, 0x0000000100000000)
 Metaspace       used 20935K, capacity 21382K, committed 21504K, reserved 1069056K
  class space    used 2156K, capacity 2282K, committed 2304K, reserved 1048576K
}
{Heap before GC invocations=2 (full 0):
 par new generation   total 153344K, used 153131K [0x00000000e0000000, 0x00000000ea660000, 0x00000000ea660000)
  eden space 136320K, 100% used [0x00000000e0000000, 0x00000000e8520000, 0x00000000e8520000)
  from space 17024K,  98% used [0x00000000e8520000, 0x00000000e958acd0, 0x00000000e95c0000)
  to   space 17024K,   0% used [0x00000000e95c0000, 0x00000000e95c0000, 0x00000000ea660000)
 concurrent mark-sweep generation total 91776K, used 13629K [0x00000000ea660000, 0x00000000f0000000, 0x0000000100000000)
 Metaspace       used 20956K, capacity 21382K, committed 21504K, reserved 1069056K
  class space    used 2157K, capacity 2282K, committed 2304K, reserved 1048576K
28938.045: [GC (Allocation Failure) 28938.045: [ParNew: 153131K->2630K(153344K), 0.0063834 secs] 166760K->17586K(245120K), 0.0065027 secs] [Times: user=0.01 sys=0.00, real=0.00 secs] 
Heap after GC invocations=3 (full 0):
 par new generation   total 153344K, used 2630K [0x00000000e0000000, 0x00000000ea660000, 0x00000000ea660000)
  eden space 136320K,   0% used [0x00000000e0000000, 0x00000000e0000000, 0x00000000e8520000)
  from space 17024K,  15% used [0x00000000e95c0000, 0x00000000e9851a08, 0x00000000ea660000)
  to   space 17024K,   0% used [0x00000000e8520000, 0x00000000e8520000, 0x00000000e95c0000)
 concurrent mark-sweep generation total 91776K, used 14956K [0x00000000ea660000, 0x00000000f0000000, 0x0000000100000000)
 Metaspace       used 20956K, capacity 21382K, committed 21504K, reserved 1069056K
  class space    used 2157K, capacity 2282K, committed 2304K, reserved 1048576K
}
{Heap before GC invocations=3 (full 0):
 par new generation   total 153344K, used 138950K [0x00000000e0000000, 0x00000000ea660000, 0x00000000ea660000)
  eden space 136320K, 100% used [0x00000000e0000000, 0x00000000e8520000, 0x00000000e8520000)
  from space 17024K,  15% used [0x00000000e95c0000, 0x00000000e9851a08, 0x00000000ea660000)
  to   space 17024K,   0% used [0x00000000e8520000, 0x00000000e8520000, 0x00000000e95c0000)
 concurrent mark-sweep generation total 91776K, used 14956K [0x00000000ea660000, 0x00000000f0000000, 0x0000000100000000)
 Metaspace       used 32716K, capacity 33200K, committed 33408K, reserved 1079296K
  class space    used 3285K, capacity 3419K, committed 3456K, reserved 1048576K
39424.466: [GC (Allocation Failure) 39424.495: [ParNew: 138950K->10363K(153344K), 0.0980192 secs] 153906K->25319K(245120K), 0.1285759 secs] [Times: user=0.11 sys=0.00, real=0.13 secs] 
Heap after GC invocations=4 (full 0):
 par new generation   total 153344K, used 10363K [0x00000000e0000000, 0x00000000ea660000, 0x00000000ea660000)
  eden space 136320K,   0% used [0x00000000e0000000, 0x00000000e0000000, 0x00000000e8520000)
  from space 17024K,  60% used [0x00000000e8520000, 0x00000000e8f3ee98, 0x00000000e95c0000)
  to   space 17024K,   0% used [0x00000000e95c0000, 0x00000000e95c0000, 0x00000000ea660000)
 concurrent mark-sweep generation total 91776K, used 14956K [0x00000000ea660000, 0x00000000f0000000, 0x0000000100000000)
 Metaspace       used 32716K, capacity 33200K, committed 33408K, reserved 1079296K
  class space    used 3285K, capacity 3419K, committed 3456K, reserved 1048576K
}
{Heap before GC invocations=4 (full 0):
 par new generation   total 153344K, used 146683K [0x00000000e0000000, 0x00000000ea660000, 0x00000000ea660000)
  eden space 136320K, 100% used [0x00000000e0000000, 0x00000000e8520000, 0x00000000e8520000)
  from space 17024K,  60% used [0x00000000e8520000, 0x00000000e8f3ee98, 0x00000000e95c0000)
  to   space 17024K,   0% used [0x00000000e95c0000, 0x00000000e95c0000, 0x00000000ea660000)
 concurrent mark-sweep generation total 91776K, used 14956K [0x00000000ea660000, 0x00000000f0000000, 0x0000000100000000)
 Metaspace       used 32728K, capacity 33264K, committed 33664K, reserved 1079296K
  class space    used 3287K, capacity 3419K, committed 3456K, reserved 1048576K
60507.972: [GC (Allocation Failure) 60507.975: [ParNew: 146683K->3593K(153344K), 0.0339650 secs] 161639K->22444K(245120K), 0.0374169 secs] [Times: user=0.04 sys=0.00, real=0.04 secs] 
Heap after GC invocations=5 (full 0):
 par new generation   total 153344K, used 3593K [0x00000000e0000000, 0x00000000ea660000, 0x00000000ea660000)
  eden space 136320K,   0% used [0x00000000e0000000, 0x00000000e0000000, 0x00000000e8520000)
  from space 17024K,  21% used [0x00000000e95c0000, 0x00000000e9942750, 0x00000000ea660000)
  to   space 17024K,   0% used [0x00000000e8520000, 0x00000000e8520000, 0x00000000e95c0000)
 concurrent mark-sweep generation total 91776K, used 18850K [0x00000000ea660000, 0x00000000f0000000, 0x0000000100000000)
 Metaspace       used 32728K, capacity 33264K, committed 33664K, reserved 1079296K
  class space    used 3287K, capacity 3419K, committed 3456K, reserved 1048576K
}
{Heap before GC invocations=5 (full 0):
 par new generation   total 153344K, used 139913K [0x00000000e0000000, 0x00000000ea660000, 0x00000000ea660000)
  eden space 136320K, 100% used [0x00000000e0000000, 0x00000000e8520000, 0x00000000e8520000)
  from space 17024K,  21% used [0x00000000e95c0000, 0x00000000e9942750, 0x00000000ea660000)
  to   space 17024K,   0% used [0x00000000e8520000, 0x00000000e8520000, 0x00000000e95c0000)
 concurrent mark-sweep generation total 91776K, used 18850K [0x00000000ea660000, 0x00000000f0000000, 0x0000000100000000)
 Metaspace       used 32732K, capacity 33264K, committed 33664K, reserved 1079296K
  class space    used 3287K, capacity 3419K, committed 3456K, reserved 1048576K
81865.981: [GC (Allocation Failure) 81865.981: [ParNew: 139913K->1278K(153344K), 0.0107560 secs] 158764K->20128K(245120K), 0.0109554 secs] [Times: user=0.01 sys=0.00, real=0.01 secs] 
