OpenJDK 64-Bit Server VM (25.292-b10) for linux-amd64 JRE (1.8.0_292-b10), built on Apr 21 2021 14:24:48 by "mockbuild" with gcc 4.8.5 20150623 (Red Hat 4.8.5-44)
Memory: 4k page, physical 1015368k(62248k free), swap 839676k(493820k free)
CommandLine flags: -XX:CompressedClassSpaceSize=260046848 -XX:+HeapDumpOnOutOfMemoryError -XX:HeapDumpPath=/hli_app/log/was/TET_SMP12/TET_SMP12_java_pid_20210618102521.hprof -XX:InitialHeapSize=268435456 -XX:MaxHeapSize=536870912 -XX:MaxMetaspaceSize=268435456 -XX:MaxNewSize=174485504 -XX:MaxTenuringThreshold=6 -XX:MetaspaceSize=268435456 -XX:NewSize=174485504 -XX:OldPLABSize=16 -XX:OldSize=348971008 -XX:+PrintGC -XX:+PrintGCDetails -XX:+PrintGCTimeStamps -XX:+PrintHeapAtGC -XX:+UseCompressedClassPointers -XX:+UseCompressedOops -XX:+UseConcMarkSweepGC -XX:+UseParNewGC 
{Heap before GC invocations=0 (full 0):
 par new generation   total 153344K, used 136320K [0x00000000e0000000, 0x00000000ea660000, 0x00000000ea660000)
  eden space 136320K, 100% used [0x00000000e0000000, 0x00000000e8520000, 0x00000000e8520000)
  from space 17024K,   0% used [0x00000000e8520000, 0x00000000e8520000, 0x00000000e95c0000)
  to   space 17024K,   0% used [0x00000000e95c0000, 0x00000000e95c0000, 0x00000000ea660000)
 concurrent mark-sweep generation total 91776K, used 0K [0x00000000ea660000, 0x00000000f0000000, 0x0000000100000000)
 Metaspace       used 18997K, capacity 19484K, committed 19584K, reserved 1067008K
  class space    used 2002K, capacity 2120K, committed 2176K, reserved 1048576K
7.282: [GC (Allocation Failure) 7.304: [ParNew: 136320K->17024K(153344K), 0.0844084 secs] 136320K->21691K(245120K), 0.1316615 secs] [Times: user=0.05 sys=0.05, real=0.13 secs] 
Heap after GC invocations=1 (full 0):
 par new generation   total 153344K, used 17024K [0x00000000e0000000, 0x00000000ea660000, 0x00000000ea660000)
  eden space 136320K,   0% used [0x00000000e0000000, 0x00000000e0000000, 0x00000000e8520000)
  from space 17024K, 100% used [0x00000000e95c0000, 0x00000000ea660000, 0x00000000ea660000)
  to   space 17024K,   0% used [0x00000000e8520000, 0x00000000e8520000, 0x00000000e95c0000)
 concurrent mark-sweep generation total 91776K, used 4667K [0x00000000ea660000, 0x00000000f0000000, 0x0000000100000000)
 Metaspace       used 18997K, capacity 19484K, committed 19584K, reserved 1067008K
  class space    used 2002K, capacity 2120K, committed 2176K, reserved 1048576K
}
Heap
 par new generation   total 153344K, used 118179K [0x00000000e0000000, 0x00000000ea660000, 0x00000000ea660000)
  eden space 136320K,  74% used [0x00000000e0000000, 0x00000000e62c8f80, 0x00000000e8520000)
  from space 17024K, 100% used [0x00000000e95c0000, 0x00000000ea660000, 0x00000000ea660000)
  to   space 17024K,   0% used [0x00000000e8520000, 0x00000000e8520000, 0x00000000e95c0000)
 concurrent mark-sweep generation total 91776K, used 4667K [0x00000000ea660000, 0x00000000f0000000, 0x0000000100000000)
 Metaspace       used 20301K, capacity 20758K, committed 20992K, reserved 1069056K
  class space    used 2154K, capacity 2286K, committed 2304K, reserved 1048576K
